---
source: testing-tracing-opentelemetry/src/lib.rs
expression: otel_spans
---
[]

